

-----------------------------------------
00:23:55.996 : Starting log.
00:23:55.996 INFO : Cataclysm DDA version 8abd08229b
00:23:55.996 INFO : [main] C locale set to C
00:23:55.996 INFO : [main] C++ locale set to C
00:23:55.997 INFO : SDL version used during compile is 2.32.4
00:23:55.997 INFO : SDL version used during linking and in runtime is 2.32.10
00:23:56.001 INFO : SDL render devices: software, opengl, opengles2
00:23:56.002 INFO : [options] C locale set to C
00:23:56.002 INFO : [options] C++ locale set to C
00:23:56.002 INFO : Setting language to: 'en'
00:23:56.002 INFO : [i18n] Scanning mod translations from playthrough/userdir/mods/
00:23:56.002 INFO : [i18n] Scanning core translations from lang/mo/
00:23:56.347 INFO : USE_COLOR_MODULATED_TEXTURES is set to 0
00:23:56.371 INFO : Setting language to: 'en'
00:23:56.371 INFO : [i18n] Scanning mod translations from playthrough/userdir/mods/
00:23:56.371 INFO : [i18n] Scanning core translations from lang/mo/
00:26:58.826 INFO : src/mod_tracker.h:68: Tried check if 'vector_null' had a duplicate, but type 'attack_vector' does not track object sources
00:27:00.757 WARNING : Dark Days Ahead pack load time:: 1824616us (avg: 1824616us) (count: 1)
00:27:00.758 WARNING : Disable NPC Needs pack load time:: 184us (avg: 184us) (count: 1)
00:27:00.758 WARNING : Portal Storms Ignore NPCs pack load time:: 214us (avg: 214us) (count: 1)
00:27:12.457 INFO : Loaded tileset: MshockXottoplus
00:27:12.557 INFO : Loaded tileset: Larwick Overmap
02:33:18.383 ERROR GAME : (error message will follow backtrace)
    ./cataclysm-tiles(+0xd65aa0) [0x559104733aa0]
    ./cataclysm-tiles(+0xd67f44) [0x559104735f44]
    ./cataclysm-tiles(+0xe97271) [0x559104865271]
    ./cataclysm-tiles(+0xe9881b) [0x55910486681b]
    ./cataclysm-tiles(+0x5d18f8) [0x559103f9f8f8]
    /usr/lib/x86_64-linux-gnu/libc.so.6(+0x2a601) [0x7d8b48af7601]
    /usr/lib/x86_64-linux-gnu/libc.so.6(__libc_start_main+0x88) [0x7d8b48af7718]
    ./cataclysm-tiles(_start+0x25) [0x559104136495]

    Attempting to repeat stack trace using debug symbols…
    ??
    ??:0
    ??
    ??:0
    ??
    ??:0
    ??
    ??:0
    ??
    ??:0
    ??
    ??:0
    ??
    ??:0
    _start
    ??:?
Backtrace emission took 10 seconds.
(continued from above) ERROR : src/do_turn.cpp:293: game:monmove: zombie can't move to its location!  (58:122:-1), high gauge pipe
02:33:28.821 ERROR GAME : src/do_turn.cpp:293: game:monmove: zombie can't move to its location!  (58:122:-1), high gauge pipe
02:33:28.835 ERROR GAME : src/do_turn.cpp:293: game:monmove: zombie can't move to its location!  (58:122:-1), high gauge pipe
02:33:28.851 ERROR GAME : src/do_turn.cpp:293: game:monmove: zombie can't move to its location!  (58:122:-1), high gauge pipe
02:33:28.860 ERROR GAME : src/do_turn.cpp:293: game:monmove: zapper zombie can't move to its location!  (58:122:-1), high gauge pipe
02:33:28.904 ERROR GAME : src/do_turn.cpp:293: game:monmove: hazmat zombie can't move to its location!  (58:122:-1), high gauge pipe
02:33:28.919 ERROR GAME : src/do_turn.cpp:293: game:monmove: fat zombie can't move to its location!  (58:122:-1), high gauge pipe
02:33:29.028 ERROR GAME : src/do_turn.cpp:293: game:monmove: zombie can't move to its location!  (58:122:-1), high gauge pipe
02:33:29.267 ERROR GAME : src/do_turn.cpp:293: game:monmove: zombie can't move to its location!  (58:122:-1), high gauge pipe
02:33:30.171 ERROR GAME : src/do_turn.cpp:293: game:monmove: zapper zombie can't move to its location!  (58:122:-1), high gauge pipe
02:33:30.794 ERROR GAME : src/do_turn.cpp:293: game:monmove: zombie can't move to its location!  (58:122:-1), high gauge pipe
02:33:31.858 ERROR GAME : src/do_turn.cpp:293: game:monmove: zombie can't move to its location!  (58:122:-1), high gauge pipe
02:33:31.879 ERROR GAME : src/do_turn.cpp:293: game:monmove: zombie can't move to its location!  (58:122:-1), high gauge pipe
02:33:32.152 ERROR GAME : src/do_turn.cpp:293: game:monmove: fat zombie can't move to its location!  (58:122:-1), high gauge pipe
02:33:32.237 ERROR GAME : src/do_turn.cpp:293: game:monmove: zombie can't move to its location!  (58:122:-1), high gauge pipe
04:07:53.837 : Log shutdown.
-----------------------------------------

